
**** 08/06/25 08:14:12 ****** PSpice 24.1.0 (2 June 2025) ***** ID# 0 ********

 ** Profile: "SCHEMATIC1-Switch_GCDiode"  [ c:\users\shikh\appdata\roaming\spb_data\cdssetup\workspace\projects\trswitch\trswitch-PSp


 ****     CIRCUIT DESCRIPTION


******************************************************************************




** Creating circuit file "Switch_GCDiode.cir" 
** WARNING: THIS AUTOMATICALLY GENERATED FILE MAY BE OVERWRITTEN BY SUBSEQUENT SIMULATIONS

*Libraries: 
* Profile Libraries :
* Local Libraries :
.LIB "C:/Cadence/OrCADX_24.1/tools/pspice/Library/analog.lib" 
.LIB "C:/Cadence/OrCADX_24.1/tools/pspice/Library/source.slb" 
.LIB "C:/Cadence/OrCADX_24.1/tools/pspice/Library/evalp.lib" 
.LIB "C:/Cadence/OrCADX_24.1/tools/pspice/Library/diode.lib" 
* From [PSPICE NETLIST] section of C:\Users\shikh\AppData\Roaming\SPB_Data\cdssetup\OrCAD_PSpice\24.1.0\PSpice.ini file:
.lib "nom.lib" 

*Analysis directives: 
.TRAN  0 1000ns 0 
.OPTIONS ADVCONV
.PROBE64 V(alias(*)) I(alias(*)) W(alias(*)) D(alias(*)) NOISE(alias(*)) 
.INC "..\SCHEMATIC1.net" 



**** INCLUDING SCHEMATIC1.net ****
* source TRSWITCH
D_D1         N00066 N00133 D1N4148 
D_D2         N00066 N00147 D1N4148 
D_D3         N00147 N00140 D1N4148 
D_D4         N00133 N00140 D1N4148 
R_R1         N00133 0  1k TC=0,0 
V_Vsin         N00147 0  AC 0
+SIN 0 100V 5meg 0 0 0
V_VN         N03294 0 -5Vdc
V_VP         N00249 0 5Vdc
R_R2         N03294 N00140  1k TC=0,0 
R_R3         N00066 N00249  1k TC=0,0 
V_VN1         N05344 0 -5Vdc
D_D12         N05202 N05206 D1N4148 
V_VP1         N05006 0 5Vdc
D_D10         N05086 0 D1N4148 
R_R4         N05032 N05006  1k TC=0,0 
V_Vsin1         N07712 0  AC 0
+SIN 0 15V 5meg 0 0 0
R_R5         N05086 0  1k TC=0,0 
R_R6         N05344 N05206  1k TC=0,0 
D_D11         0 N05086 D1N4148 
D_D7         N05032 N05086 D1N4148 
D_D9         N05086 N05206 D1N4148 
D_D8         N05032 N05202 D1N4148 
D_D13         N07712 N05202 D1N4148 
D_D14         N05202 N07712 D1N4148 

**** RESUMING Switch_GCDiode.cir ****
.END

**** 08/06/25 08:14:12 ****** PSpice 24.1.0 (2 June 2025) ***** ID# 0 ********

 ** Profile: "SCHEMATIC1-Switch_GCDiode"  [ c:\users\shikh\appdata\roaming\spb_data\cdssetup\workspace\projects\trswitch\trswitch-PSp


 ****     Diode MODEL PARAMETERS


******************************************************************************




               D1N4148         
          IS    2.682000E-09 
           N    1.836        
         ISR    1.565000E-09 
         IKF     .04417      
          BV  100            
         IBV  100.000000E-06 
          RS     .5664       
          TT   11.540000E-09 
         CJO    4.000000E-12 
          VJ     .5          
           M     .3333       


**** 08/06/25 08:14:12 ****** PSpice 24.1.0 (2 June 2025) ***** ID# 0 ********

 ** Profile: "SCHEMATIC1-Switch_GCDiode"  [ c:\users\shikh\appdata\roaming\spb_data\cdssetup\workspace\projects\trswitch\trswitch-PSp


 ****     INITIAL TRANSIENT SOLUTION       TEMPERATURE =   27.000 DEG C


******************************************************************************



 NODE   VOLTAGE     NODE   VOLTAGE     NODE   VOLTAGE     NODE   VOLTAGE


(N00066)     .6426 (N00133) 1.177E-15 (N00140)    -.6426 (N00147)    0.0000     

(N00249)    5.0000 (N03294)   -5.0000 (N05006)    5.0000 (N05032)     .6426     

(N05086) 51.11E-15 (N05202) 51.51E-15 (N05206)    -.6426 (N05344)   -5.0000     

(N07712)    0.0000 




    VOLTAGE SOURCE CURRENTS
    NAME         CURRENT

    V_Vsin       1.041E-16
    V_VN         4.357E-03
    V_VP        -4.357E-03
    V_VN1        4.357E-03
    V_VP1       -4.357E-03
    V_Vsin1      8.938E-21

    TOTAL POWER DISSIPATION   8.71E-02  WATTS



          JOB CONCLUDED

**** 08/06/25 08:14:12 ****** PSpice 24.1.0 (2 June 2025) ***** ID# 0 ********

 ** Profile: "SCHEMATIC1-Switch_GCDiode"  [ c:\users\shikh\appdata\roaming\spb_data\cdssetup\workspace\projects\trswitch\trswitch-PSp


 ****     JOB STATISTICS SUMMARY


******************************************************************************



  Total job time (using Solver 1)   =         .47
