
**** 08/07/25 02:14:32 ****** PSpice 24.1.0 (2 June 2025) ***** ID# 0 ********

 ** Profile: "SCHEMATIC1-transmitamp_sim"  [ c:\users\shikh\appdata\roaming\spb_data\cdssetup\workspace\projects\transmitter\transmit


 ****     CIRCUIT DESCRIPTION


******************************************************************************




** Creating circuit file "transmitamp_sim.cir" 
** WARNING: THIS AUTOMATICALLY GENERATED FILE MAY BE OVERWRITTEN BY SUBSEQUENT SIMULATIONS

*Libraries: 
* Profile Libraries :
* Local Libraries :
.LIB "C:/Users/shikh/Downloads/ADA4870.cir" 
* From [PSPICE NETLIST] section of C:\Users\shikh\AppData\Roaming\SPB_Data\cdssetup\OrCAD_PSpice\24.1.0\PSpice.ini file:
.lib "nom.lib" 

*Analysis directives: 
.TRAN  0 1000ns 0 
.OPTIONS ADVCONV
.PROBE64 V(alias(*)) I(alias(*)) W(alias(*)) D(alias(*)) NOISE(alias(*)) 
.INC "..\SCHEMATIC1.net" 



**** INCLUDING SCHEMATIC1.net ****
* source TRANSMITTER
.EXTERNAL OUTPUT VD
.EXTERNAL OUTPUT VEE
X_U3         N24714 N24744 VD VEE N24758 VD ADA4870 
R_R13         N24744 N24758  1.5K TC=0,0 
R_R3         N24758 0  10 TC=0,0 
V_V7         N24714 0  AC 1
+SIN 0 0.2V 5Meg 0 0 0
V_V1         VD 0 20Vdc
V_V2         VEE 0 -20Vdc
R_R14         0 N24744  1.5k TC=0,0 

**** RESUMING transmitamp_sim.cir ****
.END

**** 08/07/25 02:14:32 ****** PSpice 24.1.0 (2 June 2025) ***** ID# 0 ********

 ** Profile: "SCHEMATIC1-transmitamp_sim"  [ c:\users\shikh\appdata\roaming\spb_data\cdssetup\workspace\projects\transmitter\transmit


 ****     Diode MODEL PARAMETERS


******************************************************************************




               X_U3.diode      X_U3.DzVoutP    X_U3.DzVoutN    X_U3.DzSlewP    
          IS   10.000000E-15   10.000000E-15   10.000000E-15   10.000000E-15 
          BV  100               1.57            1.57            2.312        


               X_U3.DzSlewN    X_U3.DVnoisy    X_U3.DINnoisy   X_U3.DIPnoisy   
          IS   10.000000E-15  167.000000E-18   84.226500E-15  667.334000E-18 
          BV    2.312                                                        
          KF                   38.300000E-18   15.291400E-18  267.830000E-18 


**** 08/07/25 02:14:32 ****** PSpice 24.1.0 (2 June 2025) ***** ID# 0 ********

 ** Profile: "SCHEMATIC1-transmitamp_sim"  [ c:\users\shikh\appdata\roaming\spb_data\cdssetup\workspace\projects\transmitter\transmit


 ****     Resistor MODEL PARAMETERS


******************************************************************************




               X_U3.Rideal     
  T_Measured   27            
   T_Current -273            
           R    1            


**** 08/07/25 02:14:32 ****** PSpice 24.1.0 (2 June 2025) ***** ID# 0 ********

 ** Profile: "SCHEMATIC1-transmitamp_sim"  [ c:\users\shikh\appdata\roaming\spb_data\cdssetup\workspace\projects\transmitter\transmit


 ****     Voltage Controlled Switch MODEL PARAMETERS


******************************************************************************




               X_U3.Switch     
         RON    1.000000E-03 
        ROFF    1.000000E+06 
         VON     .01         
        VOFF    5.000000E-03 


**** 08/07/25 02:14:32 ****** PSpice 24.1.0 (2 June 2025) ***** ID# 0 ********

 ** Profile: "SCHEMATIC1-transmitamp_sim"  [ c:\users\shikh\appdata\roaming\spb_data\cdssetup\workspace\projects\transmitter\transmit


 ****     INITIAL TRANSIENT SOLUTION       TEMPERATURE =   27.000 DEG C


******************************************************************************



 NODE   VOLTAGE     NODE   VOLTAGE     NODE   VOLTAGE     NODE   VOLTAGE


(   VD)   20.0000  (  VEE)  -20.0000  (N24714)    0.0000 (N24744) 998.9E-06     

(N24758)     .0230 (X_U3.1) 10.00E-09 (X_U3.2)     .0010 (X_U3.3)     .0010     

(X_U3.4)     .0107 (X_U3.5)     .0010 (X_U3.6) 999.1E-06 (X_U3.7) 998.9E-06     

(X_U3.8) 999.1E-06 (X_U3.9) 999.1E-06 (X_U3.10)     .0010                       

(X_U3.13)   17.3500                   (X_U3.14)  -17.3500                       

(X_U3.20) 999.5E-06                   (X_U3.21)-999.5E-06                       

(X_U3.22)-999.5E-06                   (X_U3.23) 999.5E-06                       

(X_U3.24)-949.5E-09                   (X_U3.25)-949.5E-09                       

(X_U3.30)    0.0000                   (X_U3.31)     .6500                       

(X_U3.32)    0.0000                   (X_U3.33)     .6500                       

(X_U3.40)  -18.9000                   (X_U3.41)     .2100                       

(X_U3.42)     .2100                   (X_U3.43)  -10.8400                       

(X_U3.60)     .0276                   (X_U3.61)     .2180                       

(X_U3.62)    -.1629                   (X_U3.63)   16.1500                       

(X_U3.64)  -16.1500                   (X_U3.65)   20.8000                       

(X_U3.66)  -20.8000                   (X_U3.70)     .0276                       

(X_U3.71)    1.3230                   (X_U3.72)   -1.2770                       

(X_U3.80)   19.3230                   (X_U3.90) -100.4400                       

(X_U3.98)  -20.0000                   (X_U3.99)    0.0000                       

(X_U3.107)    0.0000                  (X_U3.110)   20.0000                      

(X_U3.111)  -20.0000                  (X_U3.112)  -19.1100                      

(X_U3.200)-2.707E-06                  (X_U3.201)-1.354E-06                      

(X_U3.210)     .0276                  (X_U3.220)    -.0276                      

(X_U3.230)     .0276                  (X_U3.240)    -.0276                      

(X_U3.250)     .0276                  (X_U3.260)    -.0276                      

(X_U3.270)     .0276                  (X_U3.280)    -.0276                      

(X_U3.290)     .0276                  (X_U3.295)    -.0276                      

(X_U3.296)    -.0276                  (X_U3.297)    -.0276                      

(X_U3.300)     .0276                  (X_U3.310)     .0276                      

(X_U3.311)     .0230                  (X_U3.312)     .0230                      

(X_U3.313)     .0230                  (X_U3.314)     .0230                      

(X_U3.315)     .0230                  (X_U3.400)    0.0000                      

(X_U3.401)     .6500                  (X_U3.402)    0.0000                      

(X_U3.403)     .6500                  (X_U3.500)    0.0000                      

(X_U3.501)     .6500                  (X_U3.502)    0.0000                      

(X_U3.503)     .6500                  




    VOLTAGE SOURCE CURRENTS
    NAME         CURRENT

    V_V7         1.000E-05
    V_V1        -3.069E-02
    V_V2         2.800E-02
    X_U3.VOS    -1.000E-05
    X_U3.VinP   -1.736E-11
    X_U3.VinN    1.736E-11
    X_U3.Vmeas1   1.371E-05
    X_U3.Vvn1   -1.371E-05
    X_U3.Vmeas2   1.371E-05
    X_U3.Vvn2   -1.371E-05
    X_U3.Vmeas3   6.915E-03
    X_U3.VIN1   -6.915E-03
    X_U3.Vmeas4   6.915E-03
    X_U3.VIN2   -6.915E-03
    X_U3.Vmeas5   5.479E-05
    X_U3.VIP1   -5.479E-05
    X_U3.Vmeas6   5.479E-05
    X_U3.VIP2   -5.479E-05
    X_U3.VPD1   -1.956E-10
    X_U3.VPD3   -3.702E-04
    X_U3.VPD2   -2.100E-04
    X_U3.Vmeas7   1.083E-08
    X_U3.VoutP   1.594E-11
    X_U3.VoutN   1.600E-11
    X_U3.VIoutP  -1.305E-12
    X_U3.VIoutN  -1.315E-12
    X_U3.Vmeas8   2.313E-03
    X_U3.Vmeas9   2.313E-03

    TOTAL POWER DISSIPATION   1.18E+00  WATTS



          JOB CONCLUDED

**** 08/07/25 02:14:32 ****** PSpice 24.1.0 (2 June 2025) ***** ID# 0 ********

 ** Profile: "SCHEMATIC1-transmitamp_sim"  [ c:\users\shikh\appdata\roaming\spb_data\cdssetup\workspace\projects\transmitter\transmit


 ****     JOB STATISTICS SUMMARY


******************************************************************************



  Total job time (using Solver 1)   =         .13
